 INPUT CARD> $contrl scftyp=rhf dfttyp=pbe0 runtyp=hessian ispher=1 nosym=1 $end            
 INPUT CARD> $system mwords=100 $end                                                        
 INPUT CARD> $scf dirscf=.true. $end                                                        
 INPUT CARD> $cphf cphf=ao $end                                                             
 INPUT CARD> $basis gbasis=accd $end                                                        
 INPUT CARD> $guess guess=huckel $end                                                       
 INPUT CARD> $data                                                                          
 INPUT CARD>title                                                                           
 INPUT CARD>C1                                                                              
 INPUT CARD> B           5.0   0.0000000000   0.0000000000   0.0000000000                   
 INPUT CARD> H           1.0   1.2536039000   0.0000000000   0.0000000000                   
 INPUT CARD> $end

       FREQUENCY:        22.29       22.29        1.11        1.11        1.11  
        SYMMETRY:         A           A           A           A           A   
    REDUCED MASS:      1.13132     1.13132     4.01190     3.98654     3.98655

  1   LI           X -0.09313476 -0.09744023  0.00487611  0.32071597  0.14656112
                   Y -0.09744043  0.09313474  0.00718194 -0.14663509  0.32063875
                   Z -0.00000011  0.00000008  0.35292119 -0.00145020 -0.00856830
  2   H            X  0.64290518  0.67262689  0.00491752  0.32343679  0.14780464
                   Y  0.67262669 -0.64290520  0.00724329 -0.14787897  0.32335945
                   Z -0.00000011  0.00000008  0.35292067 -0.00145020 -0.00856829

 TRANS. SAYVETZ    X -0.00549756 -0.00575045  0.03916677  2.57611096  1.17723404
                   Y -0.00575206  0.00549737  0.05768848 -1.17782793  2.57549124
                   Z -0.00000086  0.00000065  2.83177735 -0.01163619 -0.06875052
               TOTAL  0.00795671  0.00795543  2.83263569  2.83262453  2.83262453

   ROT. SAYVETZ    X -1.97712918  1.88976521 -0.00015750  0.00319363 -0.00698533
                   Y  1.88976521  1.97712919  0.00010634  0.00698563  0.00319269
                   Z  0.00000000  0.00000000  0.00000000  0.00000000  0.00000000
               TOTAL  2.73500500  2.73500500  0.00019004  0.00768104  0.00768038

                            6
       FREQUENCY:      1689.90  
        SYMMETRY:         A   
    REDUCED MASS:      1.12929

  1   LI           X -0.00000000
                   Y -0.00000000
                   Z -0.13380012
  2   H            X  0.00000000
                   Y  0.00000000
                   Z  0.93145437

 TRANS. SAYVETZ    X -0.00000000
                   Y -0.00000000
                   Z  0.00000139
               TOTAL  0.00000139

   ROT. SAYVETZ    X -0.00000000
                   Y  0.00000000
                   Z  0.00000000
               TOTAL  0.00000000                            
